// Jest Snapshot v1, https://goo.gl/fbAQLP

exports[`PickerKeyboard rendering renders correctly with given props 1`] = `
<Modal
  animationType="slide"
  hardwareAccelerated={false}
  transparent={true}
  visible={false}
>
  <View
    accessibilityComponentType={undefined}
    accessibilityLabel={undefined}
    accessibilityTraits={undefined}
    accessible={true}
    hitSlop={undefined}
    nativeID={undefined}
    onLayout={undefined}
    onResponderGrant={[Function]}
    onResponderMove={[Function]}
    onResponderRelease={[Function]}
    onResponderTerminate={[Function]}
    onResponderTerminationRequest={[Function]}
    onStartShouldSetResponder={[Function]}
    style={
      Object {
        "alignItems": "center",
        "flex": 1,
        "justifyContent": "flex-end",
      }
    }
    testID={undefined}
  >
    <View
      style={
        Object {
          "alignItems": "center",
          "backgroundColor": "#F5FCFF",
          "justifyContent": "center",
          "padding": 0,
          "width": 750,
        }
      }
    >
      <View
        style={
          Array [
            Object {
              "borderTopColor": "lightgrey",
              "borderTopWidth": 0.5,
              "flexDirection": "row",
              "justifyContent": "space-between",
              "padding": 0,
              "width": 750,
            },
            Object {
              "backgroundColor": "#FFFFFF",
              "borderBottomWidth": 0,
              "borderColor": "#AAAAAA",
            },
          ]
        }
      >
        <View
          accessibilityComponentType={undefined}
          accessibilityLabel={undefined}
          accessibilityTraits={undefined}
          accessible={true}
          collapsable={undefined}
          hasTVPreferredFocus={undefined}
          hitSlop={undefined}
          isTVSelectable={true}
          nativeID={undefined}
          onLayout={undefined}
          onResponderGrant={[Function]}
          onResponderMove={[Function]}
          onResponderRelease={[Function]}
          onResponderTerminate={[Function]}
          onResponderTerminationRequest={[Function]}
          onStartShouldSetResponder={[Function]}
          style={
            Object {
              "opacity": 1,
            }
          }
          testID={undefined}
          tvParallaxProperties={undefined}
        >
          <Text
            accessible={true}
            allowFontScaling={false}
            ellipsizeMode="tail"
            style={
              Object {
                "color": "#BBBBBB",
                "fontSize": 13,
                "padding": 8,
                "textAlign": "left",
                "width": 187.5,
              }
            }
          >
            cancelKeyText
          </Text>
        </View>
        <View
          accessibilityComponentType={undefined}
          accessibilityLabel={undefined}
          accessibilityTraits={undefined}
          accessible={true}
          collapsable={undefined}
          hasTVPreferredFocus={undefined}
          hitSlop={undefined}
          isTVSelectable={true}
          nativeID={undefined}
          onLayout={undefined}
          onResponderGrant={[Function]}
          onResponderMove={[Function]}
          onResponderRelease={[Function]}
          onResponderTerminate={[Function]}
          onResponderTerminationRequest={[Function]}
          onStartShouldSetResponder={[Function]}
          style={
            Object {
              "opacity": 1,
            }
          }
          testID={undefined}
          tvParallaxProperties={undefined}
        >
          <Text
            accessible={true}
            allowFontScaling={false}
            ellipsizeMode="tail"
            style={
              Object {
                "color": "#BBBBBB",
                "fontSize": 13,
                "padding": 8,
                "textAlign": "right",
                "width": 187.5,
              }
            }
          >
            submitKeyText
          </Text>
        </View>
      </View>
      <View>
        <View
          style={
            Array [
              Object {
                "width": 750,
              },
              Object {
                "backgroundColor": "#CCCCCC",
              },
            ]
          }
        >
          <RCTPicker
            items={
              Array [
                Object {
                  "label": "0",
                  "textColor": undefined,
                  "value": 0,
                },
              ]
            }
            onChange={[Function]}
            onResponderTerminationRequest={[Function]}
            onStartShouldSetResponder={[Function]}
            selectedIndex={0}
            style={
              Array [
                Object {
                  "height": 216,
                },
                undefined,
              ]
            }
          />
        </View>
      </View>
    </View>
  </View>
</Modal>
`;
